---
source: src/lamentation/PY001.rs
expression: "w.lament(&tree, &content[..])"
---
- line: 8
  column: 4
  kind: PY001
  message: "Explicit `pythonImportsCheckHook` in `nativeBuildInputs` of `buildPythonPackage' call."

